=== Statistiques générées le 2025-12-01 13:43:13 ===

<info>=== Statistiques par catégorie ===</info>

• Horror : 19 film(s) (id: 60)
• Thriller : 14 film(s) (id: 61)
• Fantasy : 19 film(s) (id: 62)
• Mystery : 17 film(s) (id: 63)
• Family : 24 film(s) (id: 64)
• TV Movie : 24 film(s) (id: 65)
• Documentary : 25 film(s) (id: 66)
• Animation : 21 film(s) (id: 67)
• Drama : 23 film(s) (id: 68)
• Action : 17 film(s) (id: 69)
• Comedy : 13 film(s) (id: 70)
• War : 20 film(s) (id: 71)
• Suspense : 23 film(s) (id: 72)
• Romance : 16 film(s) (id: 73)
• Science Fiction : 21 film(s) (id: 74)
• Western : 20 film(s) (id: 75)
• Music : 26 film(s) (id: 76)
• Crime : 26 film(s) (id: 77)
• Adventure : 15 film(s) (id: 78)
• History : 16 film(s) (id: 79)

[OK] Total catégories : 20
[OK] Total films dans les catégories : 399
=== Statistiques du 01/12/2025 13:48:13 ===

<info>=== Statistiques par catégorie ===</info>

• Horror : 19 film(s) (id: 60)
• Thriller : 14 film(s) (id: 61)
• Fantasy : 19 film(s) (id: 62)
• Mystery : 17 film(s) (id: 63)
• Family : 24 film(s) (id: 64)
• TV Movie : 24 film(s) (id: 65)
• Documentary : 25 film(s) (id: 66)
• Animation : 21 film(s) (id: 67)
• Drama : 23 film(s) (id: 68)
• Action : 17 film(s) (id: 69)
• Comedy : 13 film(s) (id: 70)
• War : 20 film(s) (id: 71)
• Suspense : 23 film(s) (id: 72)
• Romance : 16 film(s) (id: 73)
• Science Fiction : 21 film(s) (id: 74)
• Western : 20 film(s) (id: 75)
• Music : 26 film(s) (id: 76)
• Crime : 26 film(s) (id: 77)
• Adventure : 15 film(s) (id: 78)
• History : 16 film(s) (id: 79)

[OK] Total catégories : 20
[OK] Total films dans les catégories : 399

=== Statistiques du 01/12/2025 13:48:17 ===

[OK] Nombre d'acteurs : 50

